Requesting DiskInfo...
DiskInfo:
{
    "DiskId": "fsa0uap9g03n6o91mjnl",
    "MirrorCount": 3,
    "DeviceInMirrorCount": 11,
    "DeviceOK": 10,
    "DeviceMinus1": 1,
    "DeviceMinus2": 0,
    "DeviceBad": 0,
    "ReplicatingCount": 1,
    "Replicas": [
        "fsa0uap9g03n6o91mjnl/0",
        "fsa0uap9g03n6o91mjnl/2",
        "fsa0uap9g03n6o91mjnl/1"
    ],
    "Cells": [
        {
            "Index": 0,
            "GoodCount": 2,
            "BadCount": 0,
            "FreshCount": 1,
            "State": "replicating",
            "Devices": [
                {
                    "AgentId": "vla04-ct5-8.cloud.yandex.net",
                    "DeviceUUID": "e69e8e7332a453ecd314ea7dd8c01cfc",
                    "State": "fresh",
                    "StateMessage": "private api: chaos-monkey: restoring device state, prev state message: MirroredDiskId=fsa0uap9g03n6o91mjnl, ReplacementReason=device failure"
                },
                {
                    "AgentId": "vla04-ct5-7.cloud.yandex.net",
                    "DeviceUUID": "8836b1055b15ff7194c8ddcaeceece9e",
                    "State": "",
                    "StateMessage": "private api: chaos-monkey: restoring device state, prev state message: MirroredDiskId=fsa0uap9g03n6o91mjnl, ReplacementReason=device failure"
                },
                {
                    "AgentId": "vla04-ct5-6.cloud.yandex.net",
                    "DeviceUUID": "56436cba3e28735109ff3abe2bf15e59",
                    "State": "",
                    "StateMessage": ""
                }
            ]
        },
        {
            "Index": 1,
            "GoodCount": 3,
            "BadCount": 0,
            "FreshCount": 0,
            "State": "",
            "Devices": [
                {
                    "AgentId": "vla04-ct5-4.cloud.yandex.net",
                    "DeviceUUID": "c5228e9dc6f2b6e59d3364f72609a828",
                    "State": "",
                    "StateMessage": "private api: chaos-monkey: restoring device state, prev state message: MirroredDiskId=fsa0uap9g03n6o91mjnl, ReplacementReason=device failure"
                },
                {
                    "AgentId": "vla04-ct5-7.cloud.yandex.net",
                    "DeviceUUID": "7d5484af33f2c4a50826144c4d168158",
                    "State": "",
                    "StateMessage": "private api: chaos-monkey: restoring device state, prev state message: MirroredDiskId=fsa0uap9g03n6o91mjnl, ReplacementReason=device failure"
                },
                {
                    "AgentId": "vla04-ct5-6.cloud.yandex.net",
                    "DeviceUUID": "5b6388aa375e3b64c18e5f193e63ebd2",
                    "State": "",
                    "StateMessage": ""
                }
            ]
        },
        {
            "Index": 2,
            "GoodCount": 3,
            "BadCount": 0,
            "FreshCount": 0,
            "State": "",
            "Devices": [
                {
                    "AgentId": "vla04-ct5-8.cloud.yandex.net",
                    "DeviceUUID": "0668602e4ed326e410f7f0a8d99599ef",
                    "State": "",
                    "StateMessage": "private api: chaos-monkey: restoring device state, prev state message: MirroredDiskId=fsa0uap9g03n6o91mjnl, ReplacementReason=device failure"
                },
                {
                    "AgentId": "vla04-ct5-7.cloud.yandex.net",
                    "DeviceUUID": "dc72273b0fb80ed83cd748bfc7c567fd",
                    "State": "",
                    "StateMessage": "private api: -"
                },
                {
                    "AgentId": "vla04-ct5-6.cloud.yandex.net",
                    "DeviceUUID": "7b21beedc298eb7a6eadbd1df76af406",
                    "State": "",
                    "StateMessage": ""
                }
            ]
        },
        {
            "Index": 3,
            "GoodCount": 3,
            "BadCount": 0,
            "FreshCount": 0,
            "State": "",
            "Devices": [
                {
                    "AgentId": "vla04-ct5-8.cloud.yandex.net",
                    "DeviceUUID": "6a427266571e102b0b6c145a829427af",
                    "State": "",
                    "StateMessage": "private api: chaos-monkey: restoring device state, prev state message: MirroredDiskId=fsa0uap9g03n6o91mjnl, ReplacementReason=device failure"
                },
                {
                    "AgentId": "vla04-ct5-7.cloud.yandex.net",
                    "DeviceUUID": "9547e2120f160d7690de6c8e1e137e32",
                    "State": "",
                    "StateMessage": "private api: -"
                },
                {
                    "AgentId": "vla04-ct5-6.cloud.yandex.net",
                    "DeviceUUID": "8a37a49ae1679f55c3d8ecc30789ad66",
                    "State": "",
                    "StateMessage": ""
                }
            ]
        },
        {
            "Index": 4,
            "GoodCount": 3,
            "BadCount": 0,
            "FreshCount": 0,
            "State": "",
            "Devices": [
                {
                    "AgentId": "vla04-ct5-8.cloud.yandex.net",
                    "DeviceUUID": "759361c90e1c3e61537f2e84729e1cf8",
                    "State": "",
                    "StateMessage": "private api: chaos-monkey: restoring device state, prev state message: MirroredDiskId=fsa0uap9g03n6o91mjnl, ReplacementReason=device failure"
                },
                {
                    "AgentId": "vla04-ct5-7.cloud.yandex.net",
                    "DeviceUUID": "4a98c8cedf5d81671b5aea8a1cbd8b97",
                    "State": "",
                    "StateMessage": "private api: chaos-monkey: restoring device state, prev state message: MirroredDiskId=fsa0uap9g03n6o91mjnl, ReplacementReason=device failure"
                },
                {
                    "AgentId": "vla04-ct5-6.cloud.yandex.net",
                    "DeviceUUID": "ad98d5b47b53b917a3985246b6a952e0",
                    "State": "",
                    "StateMessage": ""
                }
            ]
        },
        {
            "Index": 5,
            "GoodCount": 3,
            "BadCount": 0,
            "FreshCount": 0,
            "State": "",
            "Devices": [
                {
                    "AgentId": "vla04-ct5-8.cloud.yandex.net",
                    "DeviceUUID": "78628d24e420ae99cb76e082c0fcd2cb",
                    "State": "",
                    "StateMessage": "private api: chaos-monkey: restoring device state, prev state message: MirroredDiskId=fsa0uap9g03n6o91mjnl, ReplacementReason=device failure"
                },
                {
                    "AgentId": "vla04-ct5-7.cloud.yandex.net",
                    "DeviceUUID": "6b25edd2a7753df36c34462dd078df09",
                    "State": "",
                    "StateMessage": "private api: chaos-monkey: restoring device state, prev state message: MirroredDiskId=fsa0uap9g03n6o91mjnl, ReplacementReason=device failure"
                },
                {
                    "AgentId": "vla04-ct5-6.cloud.yandex.net",
                    "DeviceUUID": "b0ffc477c0c514086de68abf759de709",
                    "State": "",
                    "StateMessage": ""
                }
            ]
        },
        {
            "Index": 6,
            "GoodCount": 3,
            "BadCount": 0,
            "FreshCount": 0,
            "State": "",
            "Devices": [
                {
                    "AgentId": "vla04-ct5-8.cloud.yandex.net",
                    "DeviceUUID": "58a8532426613928a660cbb3a23a0cb1",
                    "State": "",
                    "StateMessage": "private api: chaos-monkey: restoring device state, prev state message: MirroredDiskId=fsa0uap9g03n6o91mjnl, ReplacementReason=device failure"
                },
                {
                    "AgentId": "vla04-ct5-7.cloud.yandex.net",
                    "DeviceUUID": "4f4bf53de0438cd7c9bb665adc6f7d55",
                    "State": "",
                    "StateMessage": "private api: chaos-monkey: restoring device state, prev state message: MirroredDiskId=fsa0uap9g03n6o91mjnl, ReplacementReason=device failure"
                },
                {
                    "AgentId": "vla04-ct5-6.cloud.yandex.net",
                    "DeviceUUID": "b51f2986ba92d69a22c3288d83da785c",
                    "State": "",
                    "StateMessage": ""
                }
            ]
        },
        {
            "Index": 7,
            "GoodCount": 3,
            "BadCount": 0,
            "FreshCount": 0,
            "State": "",
            "Devices": [
                {
                    "AgentId": "vla04-ct5-8.cloud.yandex.net",
                    "DeviceUUID": "925200e09af4ef0c76e96a2e28266485",
                    "State": "",
                    "StateMessage": ""
                },
                {
                    "AgentId": "vla04-ct5-7.cloud.yandex.net",
                    "DeviceUUID": "af9102488dcaafaae1a52258554c33ac",
                    "State": "",
                    "StateMessage": "private api: -"
                },
                {
                    "AgentId": "vla04-ct5-6.cloud.yandex.net",
                    "DeviceUUID": "bf4f8caa0b72c07889f30db5729f048e",
                    "State": "",
                    "StateMessage": ""
                }
            ]
        },
        {
            "Index": 8,
            "GoodCount": 3,
            "BadCount": 0,
            "FreshCount": 0,
            "State": "",
            "Devices": [
                {
                    "AgentId": "vla04-ct5-8.cloud.yandex.net",
                    "DeviceUUID": "aaeb1ca32827de3fc530ef4fa27e4bc0",
                    "State": "",
                    "StateMessage": ""
                },
                {
                    "AgentId": "vla04-ct5-7.cloud.yandex.net",
                    "DeviceUUID": "f04df48f58b8b06b5d0b7dc3f7ea3343",
                    "State": "",
                    "StateMessage": "private api: -"
                },
                {
                    "AgentId": "vla04-ct5-6.cloud.yandex.net",
                    "DeviceUUID": "c4bead9d69a8b62d02e0ce79b9fa5bd3",
                    "State": "",
                    "StateMessage": ""
                }
            ]
        },
        {
            "Index": 9,
            "GoodCount": 3,
            "BadCount": 0,
            "FreshCount": 0,
            "State": "",
            "Devices": [
                {
                    "AgentId": "vla04-ct5-8.cloud.yandex.net",
                    "DeviceUUID": "b155145db001496af602d643045eeb08",
                    "State": "",
                    "StateMessage": ""
                },
                {
                    "AgentId": "vla04-ct5-7.cloud.yandex.net",
                    "DeviceUUID": "b47a4674b40c0d8b43c39a52032b05be",
                    "State": "",
                    "StateMessage": "private api: -"
                },
                {
                    "AgentId": "vla04-ct5-6.cloud.yandex.net",
                    "DeviceUUID": "cf71a43961bb538b88cf83082c9e6636",
                    "State": "",
                    "StateMessage": ""
                }
            ]
        },
        {
            "Index": 10,
            "GoodCount": 3,
            "BadCount": 0,
            "FreshCount": 0,
            "State": "",
            "Devices": [
                {
                    "AgentId": "vla04-ct5-8.cloud.yandex.net",
                    "DeviceUUID": "bb0fbae0ae5c1285b29ad657069a8abb",
                    "State": "",
                    "StateMessage": ""
                },
                {
                    "AgentId": "vla04-ct5-7.cloud.yandex.net",
                    "DeviceUUID": "eb20aebb3dccf40224687ac01bc8258a",
                    "State": "",
                    "StateMessage": "private api: -"
                },
                {
                    "AgentId": "vla04-ct5-6.cloud.yandex.net",
                    "DeviceUUID": "d6d2cd433c255f04e136339049aa3173",
                    "State": "",
                    "StateMessage": ""
                }
            ]
        }
    ],
    "Agents": {
        "vla04-ct5-4.cloud.yandex.net": [
            "c5228e9dc6f2b6e59d3364f72609a828"
        ],
        "vla04-ct5-6.cloud.yandex.net": [
            "56436cba3e28735109ff3abe2bf15e59",
            "5b6388aa375e3b64c18e5f193e63ebd2",
            "7b21beedc298eb7a6eadbd1df76af406",
            "8a37a49ae1679f55c3d8ecc30789ad66",
            "ad98d5b47b53b917a3985246b6a952e0",
            "b0ffc477c0c514086de68abf759de709",
            "b51f2986ba92d69a22c3288d83da785c",
            "bf4f8caa0b72c07889f30db5729f048e",
            "c4bead9d69a8b62d02e0ce79b9fa5bd3",
            "cf71a43961bb538b88cf83082c9e6636",
            "d6d2cd433c255f04e136339049aa3173"
        ],
        "vla04-ct5-7.cloud.yandex.net": [
            "8836b1055b15ff7194c8ddcaeceece9e",
            "7d5484af33f2c4a50826144c4d168158",
            "dc72273b0fb80ed83cd748bfc7c567fd",
            "9547e2120f160d7690de6c8e1e137e32",
            "4a98c8cedf5d81671b5aea8a1cbd8b97",
            "6b25edd2a7753df36c34462dd078df09",
            "4f4bf53de0438cd7c9bb665adc6f7d55",
            "af9102488dcaafaae1a52258554c33ac",
            "f04df48f58b8b06b5d0b7dc3f7ea3343",
            "b47a4674b40c0d8b43c39a52032b05be",
            "eb20aebb3dccf40224687ac01bc8258a"
        ],
        "vla04-ct5-8.cloud.yandex.net": [
            "e69e8e7332a453ecd314ea7dd8c01cfc",
            "0668602e4ed326e410f7f0a8d99599ef",
            "6a427266571e102b0b6c145a829427af",
            "759361c90e1c3e61537f2e84729e1cf8",
            "78628d24e420ae99cb76e082c0fcd2cb",
            "58a8532426613928a660cbb3a23a0cb1",
            "925200e09af4ef0c76e96a2e28266485",
            "aaeb1ca32827de3fc530ef4fa27e4bc0",
            "b155145db001496af602d643045eeb08",
            "bb0fbae0ae5c1285b29ad657069a8abb"
        ]
    },
    "Racks": [
        {
            "Rack": "vla-04:4B42.6",
            "Replica": "fsa0uap9g03n6o91mjnl/0",
            "Devices": [
                "e69e8e7332a453ecd314ea7dd8c01cfc",
                "0668602e4ed326e410f7f0a8d99599ef",
                "6a427266571e102b0b6c145a829427af",
                "759361c90e1c3e61537f2e84729e1cf8",
                "78628d24e420ae99cb76e082c0fcd2cb",
                "58a8532426613928a660cbb3a23a0cb1",
                "925200e09af4ef0c76e96a2e28266485",
                "aaeb1ca32827de3fc530ef4fa27e4bc0",
                "b155145db001496af602d643045eeb08",
                "bb0fbae0ae5c1285b29ad657069a8abb"
            ]
        },
        {
            "Rack": "vla-04:4B42.5",
            "Replica": "fsa0uap9g03n6o91mjnl/2",
            "Devices": [
                "8836b1055b15ff7194c8ddcaeceece9e",
                "7d5484af33f2c4a50826144c4d168158",
                "dc72273b0fb80ed83cd748bfc7c567fd",
                "9547e2120f160d7690de6c8e1e137e32",
                "4a98c8cedf5d81671b5aea8a1cbd8b97",
                "6b25edd2a7753df36c34462dd078df09",
                "4f4bf53de0438cd7c9bb665adc6f7d55",
                "af9102488dcaafaae1a52258554c33ac",
                "f04df48f58b8b06b5d0b7dc3f7ea3343",
                "b47a4674b40c0d8b43c39a52032b05be",
                "eb20aebb3dccf40224687ac01bc8258a"
            ]
        },
        {
            "Rack": "vla-04:4B42.4",
            "Replica": "fsa0uap9g03n6o91mjnl/1",
            "Devices": [
                "56436cba3e28735109ff3abe2bf15e59",
                "5b6388aa375e3b64c18e5f193e63ebd2",
                "7b21beedc298eb7a6eadbd1df76af406",
                "8a37a49ae1679f55c3d8ecc30789ad66",
                "ad98d5b47b53b917a3985246b6a952e0",
                "b0ffc477c0c514086de68abf759de709",
                "b51f2986ba92d69a22c3288d83da785c",
                "bf4f8caa0b72c07889f30db5729f048e",
                "c4bead9d69a8b62d02e0ce79b9fa5bd3",
                "cf71a43961bb538b88cf83082c9e6636",
                "d6d2cd433c255f04e136339049aa3173"
            ]
        },
        {
            "Rack": "vla-04:4B42.1",
            "Replica": "fsa0uap9g03n6o91mjnl/0",
            "Devices": [
                "c5228e9dc6f2b6e59d3364f72609a828"
            ]
        }
    ],
    "BrokenDevices": [
        {
            "AgentId": "vla04-ct5-4.cloud.yandex.net",
            "DeviceUUID": "0750cecf67723c52d8b6501e882f9673",
            "State": "DEVICE_STATE_ERROR",
            "StateMessage": "MirroredDiskId=fsa0uap9g03n6o91mjnl, ReplacementReason=device failure"
        }
    ]
}
Detecting targets to curse...
Targets to curse:
[
    {
        "DiskId": "fsa0uap9g03n6o91mjnl",
        "DeviceUUIDs": [
            "c5228e9dc6f2b6e59d3364f72609a828"
        ],
        "AgentId": "vla04-ct5-4.cloud.yandex.net",
        "Reason": "OneDeviceForAllFine"
    },
    {
        "DiskId": "fsa0uap9g03n6o91mjnl",
        "DeviceUUIDs": [
            "0668602e4ed326e410f7f0a8d99599ef",
            "6a427266571e102b0b6c145a829427af",
            "759361c90e1c3e61537f2e84729e1cf8",
            "78628d24e420ae99cb76e082c0fcd2cb"
        ],
        "AgentId": "vla04-ct5-8.cloud.yandex.net",
        "Reason": "OneDeviceForAllFine"
    }
]
Detecting targets to heal...
Targets to heal:
[
    {
        "AgentId": "vla04-ct5-4.cloud.yandex.net",
        "DeviceUUID": "0750cecf67723c52d8b6501e882f9673",
        "State": "DEVICE_STATE_ERROR",
        "StateMessage": "MirroredDiskId=fsa0uap9g03n6o91mjnl, ReplacementReason=device failure"
    }
]
